Waf: Entering directory `/Users/leviboxell/Desktop/template/output'
Waf: Leaving directory `/Users/leviboxell/Desktop/template/output'
'build' finished successfully (0.312s)
