Starting at  08/02/16:16:06:28
Starting process_stopwords.R at 08/02/16:16:06:44
Finished process_stopwords.R at 08/02/16:16:06:44
Finished at  08/02/16:16:06:44
Running make.py for source/data at 08/02/16:16:06:28
Finished make.py for source/data at 08/02/16:16:06:44
Starting sample_plots.R at 08/02/16:16:06:44
[1] "This is a sample message for the log."
null device 
          1 
Finished sample_plots.R at 08/02/16:16:06:44
Starting sample_stata.do at 08/02/16:16:06:44

  ___  ____  ____  ____  ____ (R)
 /__    /   ____/   /   ____/
___/   /   /___/   /   /___/   14.1   Copyright 1985-2015 StataCorp LP
  Statistics/Data Analysis            StataCorp
                                      4905 Lakeway Drive
     MP - Parallel Edition            College Station, Texas 77845 USA
                                      800-STATA-PC        http://www.stata.com
                                      979-696-4600        stata@stata.com
                                      979-696-4601 (fax)

Unlimited-user 4-core Stata network license expires 21 Jul 2017:
       Serial number:  501409012939
         Licensed to:  SIEPR
                       Stanford University

Notes:
      1.  Stata is running in batch mode.
      2.  Unicode is supported; see help unicode_advice.
      3.  More than 2 billion observations are allowed; see help obs_advice.
      4.  Maximum number of variables is set to 5000; see help set_maxvar.

. do sample_stata.do 

. set more off

. 
. program main
  1.     say_hello
  2.     first_letters
  3. end

. 
. program say_hello
  1.     display "Hello world! This is a test Stata script."
  2. end

. 
. program first_letters
  1.      import delimited ../../output/data/stopWords_Fox_lengths.csv
  2.          generate first_letter = substr(word, 1, 1)
  3.          generate count = 1
  4.          collapse (count) count (mean) len, by(first_letter)
  5.          rename len mean_letter_count
  6.          save ../../output/analysis/first_letters.dta
  7. end

. 
. main
Hello world! This is a test Stata script.
(2 vars, 421 obs)
file ../../output/analysis/first_letters.dta saved

. 
end of do-file
Finished sample_stata.do at 08/02/16:16:06:45
Running make.py for source/analysis at 08/02/16:16:06:44
Finished make.py for source/analysis at 08/02/16:16:06:45

 make.py started: 2016-08-02 16:06:45 /Users/mrsull/template/source/paper 


Path: gslab_make
URL: https://econ-gentzkow-svn.stanford.edu/repos/main/trunk/lib/python/gslab_make
Repository Root: https://econ-gentzkow-svn.stanford.edu/repos/main
Repository UUID: 89b4331b-4301-411a-8e06-9c78d9cdb83d
Revision: 34794
Node Kind: directory
Last Changed Author: jwchoi2
Last Changed Rev: 33502
Last Changed Date: 2016-02-07 17:40:17 -0800 (Sun, 07 Feb 2016)



Execute:  lyx -e pdf2 "./paper.lyx"
This is pdfTeX, Version 3.14159265-2.6-1.40.17 (TeX Live 2016) (preloaded format=pdflatex)
 restricted \write18 enabled.
entering extended mode
(./paper.tex
LaTeX2e <2016/03/31>
Babel <3.9r> and hyphenation patterns for 83 language(s) loaded.

This is pdfTeX, Version 3.14159265-2.6-1.40.17 (TeX Live 2016) (preloaded format=pdflatex)
 restricted \write18 enabled.
entering extended mode
(./paper.tex
LaTeX2e <2016/03/31>
Babel <3.9r> and hyphenation patterns for 83 language(s) loaded.



Execute:  lyx -e pdf2 "./paper_online.lyx"
This is pdfTeX, Version 3.14159265-2.6-1.40.17 (TeX Live 2016) (preloaded format=pdflatex)
 restricted \write18 enabled.
entering extended mode
(./paper_online.tex
LaTeX2e <2016/03/31>
Babel <3.9r> and hyphenation patterns for 83 language(s) loaded.

This is pdfTeX, Version 3.14159265-2.6-1.40.17 (TeX Live 2016) (preloaded format=pdflatex)
 restricted \write18 enabled.
entering extended mode
(./paper_online.tex
LaTeX2e <2016/03/31>
Babel <3.9r> and hyphenation patterns for 83 language(s) loaded.



Execute:  lyx -e pdf2 "./claims.lyx"
This is pdfTeX, Version 3.14159265-2.6-1.40.17 (TeX Live 2016) (preloaded format=pdflatex)
 restricted \write18 enabled.
entering extended mode
(./claims.tex
LaTeX2e <2016/03/31>
Babel <3.9r> and hyphenation patterns for 83 language(s) loaded.


 make.py ended: 2016-08-02 16:06:49
Running make.py for source/paper at 08/02/16:16:06:45
Finished make.py for source/paper at 08/02/16:16:06:49

 make.py started: 2016-08-02 16:06:49 /Users/mrsull/template/source/talk 


Path: gslab_make
URL: https://econ-gentzkow-svn.stanford.edu/repos/main/trunk/lib/python/gslab_make
Repository Root: https://econ-gentzkow-svn.stanford.edu/repos/main
Repository UUID: 89b4331b-4301-411a-8e06-9c78d9cdb83d
Revision: 34794
Node Kind: directory
Last Changed Author: jwchoi2
Last Changed Rev: 33502
Last Changed Date: 2016-02-07 17:40:17 -0800 (Sun, 07 Feb 2016)



Execute:  lyx -e pdf2 "./slides.lyx"
This is pdfTeX, Version 3.14159265-2.6-1.40.17 (TeX Live 2016) (preloaded format=pdflatex)
 restricted \write18 enabled.
entering extended mode
(./slides.tex
LaTeX2e <2016/03/31>
Babel <3.9r> and hyphenation patterns for 83 language(s) loaded.

This is pdfTeX, Version 3.14159265-2.6-1.40.17 (TeX Live 2016) (preloaded format=pdflatex)
 restricted \write18 enabled.
entering extended mode
(./slides.tex
LaTeX2e <2016/03/31>
Babel <3.9r> and hyphenation patterns for 83 language(s) loaded.



Execute:  lyx -e pdf2 "./slides_handout.lyx"
This is pdfTeX, Version 3.14159265-2.6-1.40.17 (TeX Live 2016) (preloaded format=pdflatex)
 restricted \write18 enabled.
entering extended mode
(./slides_handout.tex
LaTeX2e <2016/03/31>
Babel <3.9r> and hyphenation patterns for 83 language(s) loaded.

This is pdfTeX, Version 3.14159265-2.6-1.40.17 (TeX Live 2016) (preloaded format=pdflatex)
 restricted \write18 enabled.
entering extended mode
(./slides_handout.tex
LaTeX2e <2016/03/31>
Babel <3.9r> and hyphenation patterns for 83 language(s) loaded.


 make.py ended: 2016-08-02 16:06:53
Running make.py for source/talk at 08/02/16:16:06:49
Finished make.py for source/talk at 08/02/16:16:06:53
